[    0.000000] Linux version 4.8.0-46-generic (buildd@lcy01-16) (gcc version 6.2.0 20161005 (Ubuntu 6.2.0-5ubuntu12) ) #49-Ubuntu SMP Fri Mar 31 13:57:14 UTC 2017 (Ubuntu 4.8.0-46.49-generic 4.8.17)
[    0.000000] Command line: BOOT_IMAGE=/boot/vmlinuz-4.8.0-46-generic root=LABEL=cloudimg-rootfs ro console=tty1 console=ttyS0
[    0.000000] KERNEL supported cpus:
[    0.000000]   Intel GenuineIntel
[    0.000000]   AMD AuthenticAMD
[    0.000000]   Centaur CentaurHauls
[    0.000000] x86/fpu: Supporting XSAVE feature 0x001: 'x87 floating point registers'
[    0.000000] x86/fpu: Supporting XSAVE feature 0x002: 'SSE registers'
[    0.000000] x86/fpu: Supporting XSAVE feature 0x004: 'AVX registers'
[    0.000000] x86/fpu: xstate_offset[2]:  576, xstate_sizes[2]:  256
[    0.000000] x86/fpu: Enabled xstate features 0x7, context size is 832 bytes, using 'standard' format.
[    0.000000] x86/fpu: Using 'eager' FPU context switches.
[    0.000000] e820: BIOS-provided physical RAM map:
[    0.000000] BIOS-e820: [mem 0x0000000000000000-0x000000000009fbff] usable
[    0.000000] BIOS-e820: [mem 0x000000000009fc00-0x000000000009ffff] reserved
[    0.000000] BIOS-e820: [mem 0x00000000000f0000-0x00000000000fffff] reserved
[    0.000000] BIOS-e820: [mem 0x0000000000100000-0x000000007ffeffff] usable
[    0.000000] BIOS-e820: [mem 0x000000007fff0000-0x000000007fffffff] ACPI data
[    0.000000] BIOS-e820: [mem 0x00000000fec00000-0x00000000fec00fff] reserved
[    0.000000] BIOS-e820: [mem 0x00000000fee00000-0x00000000fee00fff] reserved
[    0.000000] BIOS-e820: [mem 0x00000000fffc0000-0x00000000ffffffff] reserved
[    0.000000] NX (Execute Disable) protection: active
[    0.000000] SMBIOS 2.5 present.
[    0.000000] Hypervisor detected: KVM
[    0.000000] e820: last_pfn = 0x7fff0 max_arch_pfn = 0x400000000
[    0.000000] MTRR: Disabled
[    0.000000] x86/PAT: MTRRs disabled, skipping PAT initialization too.
[    0.000000] x86/PAT: Configuration [0-7]: WB  WT  UC- UC  WB  WT  UC- UC  
[    0.000000] CPU MTRRs all blank - virtualized system.
[    0.000000] found SMP MP-table at [mem 0x0009fff0-0x0009ffff] mapped at [ffff88f40009fff0]
[    0.000000] Scanning 1 areas for low memory corruption
[    0.000000] RAMDISK: [mem 0x36964000-0x374a9fff]
[    0.000000] ACPI: Early table checksum verification disabled
[    0.000000] ACPI: RSDP 0x00000000000E0000 000024 (v02 VBOX  )
[    0.000000] ACPI: XSDT 0x000000007FFF0030 00003C (v01 VBOX   VBOXXSDT 00000001 ASL  00000061)
[    0.000000] ACPI: FACP 0x000000007FFF00F0 0000F4 (v04 VBOX   VBOXFACP 00000001 ASL  00000061)
[    0.000000] ACPI: DSDT 0x000000007FFF0470 00210F (v01 VBOX   VBOXBIOS 00000002 INTL 20100528)
[    0.000000] ACPI: FACS 0x000000007FFF0200 000040
[    0.000000] ACPI: FACS 0x000000007FFF0200 000040
[    0.000000] ACPI: APIC 0x000000007FFF0240 00005C (v02 VBOX   VBOXAPIC 00000001 ASL  00000061)
[    0.000000] ACPI: SSDT 0x000000007FFF02A0 0001CC (v01 VBOX   VBOXCPUT 00000002 INTL 20100528)
[    0.000000] No NUMA configuration found
[    0.000000] Faking a node at [mem 0x0000000000000000-0x000000007ffeffff]
[    0.000000] NODE_DATA(0) allocated [mem 0x7ffeb000-0x7ffeffff]
[    0.000000] kvm-clock: Using msrs 4b564d01 and 4b564d00
[    0.000000] kvm-clock: cpu 0, msr 0:7ffe3001, primary cpu clock
[    0.000000] kvm-clock: using sched offset of 3219445070 cycles
[    0.000000] clocksource: kvm-clock: mask: 0xffffffffffffffff max_cycles: 0x1cd42e4dffb, max_idle_ns: 881590591483 ns
[    0.000000] Zone ranges:
[    0.000000]   DMA      [mem 0x0000000000001000-0x0000000000ffffff]
[    0.000000]   DMA32    [mem 0x0000000001000000-0x000000007ffeffff]
[    0.000000]   Normal   empty
[    0.000000]   Device   empty
[    0.000000] Movable zone start for each node
[    0.000000] Early memory node ranges
[    0.000000]   node   0: [mem 0x0000000000001000-0x000000000009efff]
[    0.000000]   node   0: [mem 0x0000000000100000-0x000000007ffeffff]
[    0.000000] Initmem setup node 0 [mem 0x0000000000001000-0x000000007ffeffff]
[    0.000000] ACPI: PM-Timer IO Port: 0x4008
[    0.000000] IOAPIC[0]: apic_id 2, version 32, address 0xfec00000, GSI 0-23
[    0.000000] ACPI: INT_SRC_OVR (bus 0 bus_irq 0 global_irq 2 dfl dfl)
[    0.000000] ACPI: INT_SRC_OVR (bus 0 bus_irq 9 global_irq 9 high level)
[    0.000000] Using ACPI (MADT) for SMP configuration information
[    0.000000] smpboot: Allowing 2 CPUs, 0 hotplug CPUs
[    0.000000] PM: Registered nosave memory: [mem 0x00000000-0x00000fff]
[    0.000000] PM: Registered nosave memory: [mem 0x0009f000-0x0009ffff]
[    0.000000] PM: Registered nosave memory: [mem 0x000a0000-0x000effff]
[    0.000000] PM: Registered nosave memory: [mem 0x000f0000-0x000fffff]
[    0.000000] e820: [mem 0x80000000-0xfebfffff] available for PCI devices
[    0.000000] Booting paravirtualized kernel on KVM
[    0.000000] clocksource: refined-jiffies: mask: 0xffffffff max_cycles: 0xffffffff, max_idle_ns: 7645519600211568 ns
[    0.000000] setup_percpu: NR_CPUS:512 nr_cpumask_bits:512 nr_cpu_ids:2 nr_node_ids:1
[    0.000000] percpu: Embedded 36 pages/cpu @ffff88f47fc00000 s107864 r8192 d31400 u1048576
[    0.000000] PV qspinlock hash table entries: 256 (order: 0, 4096 bytes)
[    0.000000] Built 1 zonelists in Node order, mobility grouping on.  Total pages: 515961
[    0.000000] Policy zone: DMA32
[    0.000000] Kernel command line: BOOT_IMAGE=/boot/vmlinuz-4.8.0-46-generic root=LABEL=cloudimg-rootfs ro console=tty1 console=ttyS0
[    0.000000] PID hash table entries: 4096 (order: 3, 32768 bytes)
[    0.000000] Memory: 2032984K/2096696K available (8848K kernel code, 1441K rwdata, 3824K rodata, 1552K init, 1296K bss, 63712K reserved, 0K cma-reserved)
[    0.000000] SLUB: HWalign=64, Order=0-3, MinObjects=0, CPUs=2, Nodes=1
[    0.000000] Hierarchical RCU implementation.
[    0.000000] 	Build-time adjustment of leaf fanout to 64.
[    0.000000] 	RCU restricting CPUs from NR_CPUS=512 to nr_cpu_ids=2.
[    0.000000] RCU: Adjusting geometry for rcu_fanout_leaf=64, nr_cpu_ids=2
[    0.000000] NR_IRQS:33024 nr_irqs:440 16
[    0.000000] Console: colour VGA+ 80x25
[    0.000000] console [tty1] enabled
[    0.000000] console [ttyS0] enabled
[    0.000000] tsc: Detected 2494.232 MHz processor
[    2.461414] Calibrating delay loop (skipped) preset value.. 4988.46 BogoMIPS (lpj=9976928)
[    2.463082] pid_max: default: 32768 minimum: 301
[    2.463997] ACPI: Core revision 20160422
[    2.465734] ACPI: 2 ACPI AML tables successfully acquired and loaded
[    2.470142] 
[    2.470748] Security Framework initialized
[    2.471751] Yama: becoming mindful.
[    2.472720] AppArmor: AppArmor initialized
[    2.475596] Dentry cache hash table entries: 262144 (order: 9, 2097152 bytes)
[    2.478389] Inode-cache hash table entries: 131072 (order: 8, 1048576 bytes)
[    2.506770] Mount-cache hash table entries: 4096 (order: 3, 32768 bytes)
[    2.507793] Mountpoint-cache hash table entries: 4096 (order: 3, 32768 bytes)
[    2.510578] CPU: Physical Processor ID: 0
[    2.564172] CPU: Processor Core ID: 0
[    2.613768] mce: CPU supports 0 MCE banks
[    2.665746] Last level iTLB entries: 4KB 1024, 2MB 1024, 4MB 1024
[    2.749341] Last level dTLB entries: 4KB 1024, 2MB 1024, 4MB 1024, 1GB 4
[    2.839847] Freeing SMP alternatives memory: 32K (ffffffff942ee000 - ffffffff942f6000)
[    2.862818] ftrace: allocating 33424 entries in 131 pages
[    2.904701] smpboot: APIC(0) Converting physical 0 to logical package 0
[    2.983528] smpboot: Max logical packages: 1
[    3.045258] x2apic enabled
[    3.083216] Switched APIC routing to physical x2apic.
[    3.098668] ..TIMER: vector=0x30 apic1=0 pin1=2 apic2=-1 pin2=-1
[    3.209303] smpboot: CPU0: Intel(R) Core(TM) i5-4200M CPU @ 2.50GHz (family: 0x6, model: 0x3c, stepping: 0x3)
[    3.314403] Performance Events: unsupported p6 CPU model 60 no PMU driver, software events only.
[    3.319256] KVM setup paravirtual spinlock
[    3.320640] x86: Booting SMP configuration:
[    3.321369] .... node  #0, CPUs:      #1
[    3.322193] kvm-clock: cpu 1, msr 0:7ffe3041, secondary cpu clock
[    3.322997] mce: CPU supports 0 MCE banks
[    3.327504] x86: Booted up 1 node, 2 CPUs
[    3.333289] smpboot: Total of 2 processors activated (9976.92 BogoMIPS)
[    3.356573] devtmpfs: initialized
[    3.378855] x86/mm: Memory block size: 128MB
[    3.397382] evm: security.selinux
[    3.403672] evm: security.SMACK64
[    3.409524] evm: security.SMACK64EXEC
[    3.410195] evm: security.SMACK64TRANSMUTE
[    3.410901] evm: security.SMACK64MMAP
[    3.411572] evm: security.ima
[    3.412162] evm: security.capability
[    3.412941] clocksource: jiffies: mask: 0xffffffff max_cycles: 0xffffffff, max_idle_ns: 7645041785100000 ns
[    3.415824] pinctrl core: initialized pinctrl subsystem
[    3.416776] RTC time: 10:24:24, date: 04/19/17
[    3.417644] NET: Registered protocol family 16
[    3.431896] cpuidle: using governor ladder
[    3.498741] cpuidle: using governor menu
[    3.504262] PCCT header not found.
[    3.504944] ACPI: bus type PCI registered
[    3.505726] acpiphp: ACPI Hot Plug PCI Controller Driver version: 0.5
[    3.506804] PCI: Using configuration type 1 for base access
[    3.526030] HugeTLB registered 2 MB page size, pre-allocated 0 pages
[    3.608203] ACPI: Added _OSI(Module Device)
[    3.651769] ACPI: Added _OSI(Processor Device)
[    3.703952] ACPI: Added _OSI(3.0 _SCP Extensions)
[    3.756830] ACPI: Added _OSI(Processor Aggregator Device)
[    3.785694] ACPI: Executed 1 blocks of module-level executable AML code
[    3.825897] ACPI: Interpreter enabled
[    3.826571] ACPI: (supports S0 S5)
[    3.827199] ACPI: Using IOAPIC for interrupt routing
[    3.828152] PCI: Using host bridge windows from ACPI; if necessary, use "pci=nocrs" and report a bug
[    3.832753] ACPI: PCI Root Bridge [PCI0] (domain 0000 [bus 00-ff])
[    3.833728] acpi PNP0A03:00: _OSC: OS supports [ASPM ClockPM Segments MSI]
[    3.834776] acpi PNP0A03:00: _OSC failed (AE_NOT_FOUND); disabling ASPM
[    3.835799] acpi PNP0A03:00: fail to add MMCONFIG information, can't access extended PCI configuration space under this bridge.
[    3.837823] PCI host bridge to bus 0000:00
[    3.838549] pci_bus 0000:00: root bus resource [io  0x0000-0x0cf7 window]
[    3.839570] pci_bus 0000:00: root bus resource [io  0x0d00-0xffff window]
[    3.840589] pci_bus 0000:00: root bus resource [mem 0x000a0000-0x000bffff window]
[    3.841898] pci_bus 0000:00: root bus resource [mem 0x80000000-0xffdfffff window]
[    3.843199] pci_bus 0000:00: root bus resource [bus 00-ff]
[    3.845522] pci 0000:00:01.1: legacy IDE quirk: reg 0x10: [io  0x01f0-0x01f7]
[    3.846597] pci 0000:00:01.1: legacy IDE quirk: reg 0x14: [io  0x03f6]
[    3.847607] pci 0000:00:01.1: legacy IDE quirk: reg 0x18: [io  0x0170-0x0177]
[    3.848693] pci 0000:00:01.1: legacy IDE quirk: reg 0x1c: [io  0x0376]
[    3.878570] pci 0000:00:07.0: quirk: [io  0x4000-0x403f] claimed by PIIX4 ACPI
[    3.903903] pci 0000:00:07.0: quirk: [io  0x4100-0x410f] claimed by PIIX4 SMB
[    3.914606] ACPI: PCI Interrupt Link [LNKA] (IRQs 5 9 10 *11)
[    3.984287] ACPI: PCI Interrupt Link [LNKB] (IRQs 5 9 10 *11)
[    3.996367] ACPI: PCI Interrupt Link [LNKC] (IRQs 5 9 *10 11)
[    4.004454] ACPI: PCI Interrupt Link [LNKD] (IRQs 5 *9 10 11)
[    4.005834] ACPI: Enabled 2 GPEs in block 00 to 07
[    4.009468] SCSI subsystem initialized
[    4.010288] vgaarb: setting as boot device: PCI:0000:00:02.0
[    4.011184] vgaarb: device added: PCI:0000:00:02.0,decodes=io+mem,owns=io+mem,locks=none
[    4.012542] vgaarb: loaded
[    4.023758] vgaarb: bridge control possible 0000:00:02.0
[    4.033671] ACPI: bus type USB registered
[    4.037879] usbcore: registered new interface driver usbfs
[    4.072733] usbcore: registered new interface driver hub
[    4.130848] usbcore: registered new device driver usb
[    4.150941] PCI: Using ACPI for IRQ routing
[    4.151983] NetLabel: Initializing
[    4.152686] NetLabel:  domain hash size = 128
[    4.161325] NetLabel:  protocols = UNLABELED CIPSOv4
[    4.162282] NetLabel:  unlabeled traffic allowed by default
[    4.186247] clocksource: Switched to clocksource kvm-clock
[    4.218456] VFS: Disk quotas dquot_6.6.0
[    4.226111] VFS: Dquot-cache hash table entries: 512 (order 0, 4096 bytes)
[    4.227238] AppArmor: AppArmor Filesystem Enabled
[    4.228071] pnp: PnP ACPI init
[    4.229357] pnp: PnP ACPI: found 3 devices
[    4.238173] clocksource: acpi_pm: mask: 0xffffff max_cycles: 0xffffff, max_idle_ns: 2085701024 ns
[    4.239674] NET: Registered protocol family 2
[    4.240569] TCP established hash table entries: 16384 (order: 5, 131072 bytes)
[    4.241848] TCP bind hash table entries: 16384 (order: 6, 262144 bytes)
[    4.242897] TCP: Hash tables configured (established 16384 bind 16384)
[    4.243909] UDP hash table entries: 1024 (order: 3, 32768 bytes)
[    4.244841] UDP-Lite hash table entries: 1024 (order: 3, 32768 bytes)
[    4.245842] NET: Registered protocol family 1
[    4.246610] pci 0000:00:00.0: Limiting direct PCI/PCI transfers
[    4.268856] pci 0000:00:01.0: Activating ISA DMA hang workarounds
[    4.417331] pci 0000:00:02.0: Video device with shadowed ROM at [mem 0x000c0000-0x000dffff]
[    4.589346] Unpacking initramfs...
[    6.466725] Freeing initrd memory: 11544K (ffff88f436964000 - ffff88f4374aa000)
[    6.479396] platform rtc_cmos: registered platform RTC device (no PNP device found)
[    6.480811] Scanning for low memory corruption every 60 seconds
[    6.482094] futex hash table entries: 512 (order: 3, 32768 bytes)
[    6.484380] audit: initializing netlink subsys (disabled)
[    6.485257] audit: type=2000 audit(1492597468.282:1): initialized
[    6.486422] Initialise system trusted keyrings
[    6.489380] workingset: timestamp_bits=40 max_order=19 bucket_order=0
[    6.491688] zbud: loaded
[    6.492550] squashfs: version 4.0 (2009/01/31) Phillip Lougher
[    6.493794] fuse init (API version 7.25)
[    6.494603] Allocating IMA blacklist keyring.
[    6.501149] Key type asymmetric registered
[    6.505833] Asymmetric key parser 'x509' registered
[    6.506689] Block layer SCSI generic (bsg) driver version 0.4 loaded (major 248)
[    6.508007] io scheduler noop registered
[    6.508696] io scheduler deadline registered (default)
[    6.509525] io scheduler cfq registered
[    6.510262] pci_hotplug: PCI Hot Plug PCI Core version: 0.5
[    6.511195] pciehp: PCI Express Hot Plug Controller Driver version: 0.4
[    6.512301] ACPI: AC Adapter [AC] (on-line)
[    6.513068] input: Power Button as /devices/LNXSYSTM:00/LNXPWRBN:00/input/input0
[    6.514412] ACPI: Power Button [PWRF]
[    6.540835] input: Sleep Button as /devices/LNXSYSTM:00/LNXSLPBN:00/input/input1
[    6.549950] ACPI: Sleep Button [SLPF]
[    6.552527] GHES: HEST is not enabled!
[    6.553275] Serial: 8250/16550 driver, 32 ports, IRQ sharing enabled
[    6.576170] 00:02: ttyS0 at I/O 0x3f8 (irq = 4, base_baud = 115200) is a 16550A
[    6.590774] Linux agpgart interface v0.103
[    6.592706] loop: module loaded
[    6.595546] scsi host0: ata_piix
[    6.596270] scsi host1: ata_piix
[    6.596917] ata1: PATA max UDMA/33 cmd 0x1f0 ctl 0x3f6 bmdma 0xd000 irq 14
[    6.687166] ata2: PATA max UDMA/33 cmd 0x170 ctl 0x376 bmdma 0xd008 irq 15
[    6.691677] libphy: Fixed MDIO Bus: probed
[    6.692484] tun: Universal TUN/TAP device driver, 1.6
[    6.693351] tun: (C) 1999-2004 Max Krasnyansky <maxk@qualcomm.com>
[    6.694332] PPP generic driver version 2.4.2
[    6.695129] ehci_hcd: USB 2.0 'Enhanced' Host Controller (EHCI) Driver
[    6.696124] ehci-pci: EHCI PCI platform driver
[    6.696885] ehci-platform: EHCI generic platform driver
[    6.697771] ohci_hcd: USB 1.1 'Open' Host Controller (OHCI) Driver
[    6.698767] ohci-pci: OHCI PCI platform driver
[    6.699529] ohci-platform: OHCI generic platform driver
[    6.700370] uhci_hcd: USB Universal Host Controller Interface driver
[    6.701392] i8042: PNP: PS/2 Controller [PNP0303:PS2K,PNP0f03:PS2M] at 0x60,0x64 irq 1,12
[    6.703188] serio: i8042 KBD port at 0x60,0x64 irq 1
[    6.703998] serio: i8042 AUX port at 0x60,0x64 irq 12
[    6.712804] mousedev: PS/2 mouse device common for all mice
[    6.714212] input: AT Translated Set 2 keyboard as /devices/platform/i8042/serio0/input/input2
[    6.715824] rtc_cmos rtc_cmos: rtc core: registered rtc_cmos as rtc0
[    6.777067] rtc_cmos rtc_cmos: alarms up to one day, 114 bytes nvram
[    6.849958] i2c /dev entries driver
[    6.930028] device-mapper: uevent: version 1.0.3
[    7.017160] device-mapper: ioctl: 4.35.0-ioctl (2016-06-23) initialised: dm-devel@redhat.com
[    7.020522] ledtrig-cpu: registered to indicate activity on CPUs
[    7.022867] NET: Registered protocol family 10
[    7.023805] NET: Registered protocol family 17
[    7.024564] Key type dns_resolver registered
[    7.025422] microcode: sig=0x306c3, pf=0x40, revision=0x0
[    7.027699] microcode: Microcode Update Driver: v2.01 <tigran@aivazian.fsnet.co.uk>, Peter Oruba
[    7.029227] registered taskstats version 1
[    7.029952] Loading compiled-in X.509 certificates
[    7.033968] Loaded X.509 cert 'Build time autogenerated kernel key: 79c3d9b1a0f0a595c735a0a148ad1e328cc9823d'
[    7.037324] zswap: loaded using pool lzo/zbud
[    7.052036] Key type big_key registered
[    7.055306] Key type trusted registered
[    7.059177] Key type encrypted registered
[    7.059887] AppArmor: AppArmor sha1 policy hashing enabled
[    7.060767] ima: No TPM chip found, activating TPM-bypass!
[    7.061644] evm: HMAC attrs: 0x1
[    7.062520]   Magic number: 13:847:426
[    7.083180] rtc_cmos rtc_cmos: setting system clock to 2017-04-19 10:24:28 UTC (1492597468)
[    7.189760] BIOS EDD facility v0.16 2004-Jun-25, 0 devices found
[    7.271038] EDD information not available.
[    7.291589] Freeing unused kernel memory: 1552K (ffffffff9416a000 - ffffffff942ee000)
[    7.301039] Write protecting the kernel read-only data: 14336k
[    7.302908] Freeing unused kernel memory: 1376K (ffff88f4538a8000 - ffff88f453a00000)
[    7.306266] Freeing unused kernel memory: 272K (ffff88f453dbc000 - ffff88f453e00000)
[    7.315521] x86/mm: Checked W+X mappings: passed, no W+X pages found.
Loading, please wait...
starting version[    7.334447] random: systemd-udevd: uninitialized urandom read (16 bytes read)
 231
[    7.338616] random: systemd-udevd: uninitialized urandom read (16 bytes read)
[    7.339726] random: udevadm: uninitialized urandom read (16 bytes read)
[    7.339759] random: udevadm: uninitialized urandom read (16 bytes read)
[    7.340411] random: udevadm: uninitialized urandom read (16 bytes read)
[    7.340460] random: udevadm: uninitialized urandom read (16 bytes read)
[    7.340473] random: udevadm: uninitialized urandom read (16 bytes read)
[    7.340670] random: udevadm: uninitialized urandom read (16 bytes read)
[    7.340719] random: udevadm: uninitialized urandom read (16 bytes read)
[    7.340768] random: udevadm: uninitialized urandom read (16 bytes read)
[    7.377919] e1000: Intel(R) PRO/1000 Network Driver - version 7.3.21-k8-NAPI
[    7.391104] e1000: Copyright (c) 1999-2006 Intel Corporation.
[    7.400173] Fusion MPT base driver 3.04.20
[    7.421581] Copyright (c) 1999-2008 LSI Corporation
[    7.432374] Fusion MPT SPI Host driver 3.04.20
[    7.456609] AVX version of gcm_enc/dec engaged.
[    7.465753] AES CTR mode by8 optimization enabled
[    7.487238] tsc: Refined TSC clocksource calibration: 2493.320 MHz
[    7.494855] clocksource: tsc: mask: 0xffffffffffffffff max_cycles: 0x23f0935da53, max_idle_ns: 440795236607 ns
[    7.631103] input: ImExPS/2 Generic Explorer Mouse as /devices/platform/i8042/serio1/input/input4
[    7.810332] e1000 0000:00:03.0 eth0: (PCI:33MHz:32-bit) 02:b3:e4:7a:61:25
[    7.878856] e1000 0000:00:03.0 eth0: Intel(R) PRO/1000 Network Connection
[    7.942788] mptbase: ioc0: Initiating bringup
[    7.942790] e1000 0000:00:03.0 enp0s3: renamed from eth0
[    8.155502] ioc0: LSI53C1030 A0: Capabilities={Initiator}
[    8.516087] scsi host2: ioc0: LSI53C1030 A0, FwRev=00000000h, Ports=1, MaxQ=256, IRQ=20
[    8.767297] scsi 2:0:0:0: Direct-Access     VBOX     HARDDISK         1.0  PQ: 0 ANSI: 5
[    8.845659] scsi target2:0:0: Beginning Domain Validation
[    8.847171] scsi target2:0:0: Domain Validation skipping write tests
[    8.862354] scsi target2:0:0: Ending Domain Validation
[    8.863224] scsi target2:0:0: asynchronous
[    8.878742] scsi 2:0:1:0: Direct-Access     VBOX     HARDDISK         1.0  PQ: 0 ANSI: 5
[    9.001129] scsi target2:0:1: Beginning Domain Validation
[    9.103375] scsi target2:0:1: Domain Validation skipping write tests
[    9.249621] scsi target2:0:1: Ending Domain Validation
[    9.378350] scsi target2:0:1: asynchronous
[    9.459990] random: fast init done
[    9.513094] sd 2:0:0:0: Attached scsi generic sg0 type 0
[    9.570121] sd 2:0:0:0: [sda] 20971520 512-byte logical blocks: (10.7 GB/10.0 GiB)
[    9.570290] sd 2:0:1:0: [sdb] 20480 512-byte logical blocks: (10.5 MB/10.0 MiB)
[    9.570432] sd 2:0:1:0: [sdb] Write Protect is off
[    9.570520] sd 2:0:1:0: [sdb] Incomplete mode parameter data
[    9.570521] sd 2:0:1:0: [sdb] Assuming drive cache: write through
[    9.570671] sd 2:0:1:0: Attached scsi generic sg1 type 0
[    9.572091] sd 2:0:1:0: [sdb] Attached SCSI disk
[    9.588130] sd 2:0:0:0: [sda] Write Protect is off
[    9.589113] sd 2:0:0:0: [sda] Incomplete mode parameter data
[    9.590010] sd 2:0:0:0: [sda] Assuming drive cache: write through
[    9.601530]  sda: sda1
[    9.604058] sd 2:0:0:0: [sda] Attached SCSI disk
[   10.686469] floppy0: no floppy controllers found
Begin: Loading e[   12.093152] md: linear personality registered for level -1
ssential drivers ... [   12.155178] md: multipath personality registered for level -4
[   12.161130] md: raid0 personality registered for level 0
[   12.174159] md: raid1 personality registered for level 1
[   12.310696] raid6: sse2x1   gen()  9415 MB/s
[   12.430543] raid6: sse2x1   xor()  7040 MB/s
[   12.546676] raid6: sse2x2   gen() 10592 MB/s
[   12.618384] raid6: sse2x2   xor()  6066 MB/s
[   12.691583] raid6: sse2x4   gen() 14081 MB/s
[   12.802436] raid6: sse2x4   xor()  9458 MB/s
[   12.850818] raid6: using algorithm sse2x4 gen() 14081 MB/s
[   12.917612] raid6: .... xor() 9458 MB/s, rmw enabled
[   12.982528] raid6: using ssse3x2 recovery algorithm
[   13.044435] xor: automatically using best checksumming function: avx
[   13.087413] async_tx: api initialized (async)
[   13.100945] md: raid6 personality registered for level 6
[   13.175947] md: raid5 personality registered for level 5
[   13.236554] md: raid4 personality registered for level 4
[   13.311832] md: raid10 personality registered for level 10
done.
Begin: Running /scripts/init-premount ... done.
Begin: Mounting root file system ... Begin: Running /scripts/local-top ... done.
Begin: Running /scripts/local-premount ... [   13.353892] Btrfs loaded, crc32c=crc32c-intel
Scanning for Btrfs filesystems
done.
Warning: fsck not present, so sk[   13.428379] EXT4-fs (sda1): mounted filesystem with ordered data mode. Opts: (null)
ipping root file system
done.
Begin: Running /scripts/local-bottom ... done.
Begin: Running /scripts/init-bottom ... /scripts/init-bottom/plymouth: line 18: /bin/plymouth: not found
done.
[   13.553909] ip_tables: (C) 2000-2006 Netfilter Core Team
[   13.634156] systemd[1]: systemd 231 running in system mode. (+PAM +AUDIT +SELINUX +IMA +APPARMOR +SMACK +SYSVINIT +UTMP +LIBCRYPTSETUP +GCRYPT +GNUTLS +ACL +XZ -LZ4 +SECCOMP +BLKID +ELFUTILS +KMOD +IDN)
[   13.644556] systemd[1]: Detected virtualization oracle.
[   13.654254] systemd[1]: Detected architecture x86-64.

Welcome to [1mUbuntu 16.10[0m!

[   13.691039] systemd[1]: Set hostname to <rails-dev-box>.
[   13.979234] systemd[1]: Set up automount Arbitrary Executable File Formats File System Automount Point.
[[0;32m  OK  [0m] Set up automount Arbitrary Executab...ats File System Automount Point.
[   14.062551] systemd[1]: Listening on udev Kernel Socket.
[[0;32m  OK  [0m] Listening on udev Kernel Socket.
[   14.158578] systemd[1]: Listening on LVM2 poll daemon socket.
[[0;32m  OK  [0m] Listening on LVM2 poll daemon socket.
[   14.338449] systemd[1]: Listening on /dev/initctl Compatibility Named Pipe.
[[0;32m  OK  [0m] Listening on /dev/initctl Compatibility Named Pipe.
[   14.410617] systemd[1]: Listening on Journal Socket.
[[0;32m  OK  [0m] Listening on Journal Socket.
[   14.483427] systemd[1]: Reached target Encrypted Volumes.
[[0;32m  OK  [0m] Reached target Encrypted Volumes.
[[0;32m  OK  [0m] Created slice System Slice.
         Starting Remount Root and Kernel File Systems...
         Mountin[   14.708365] EXT4-fs (sda1): re-mounted. Opts: (null)
g POSIX Message Queue File System...
         Starting Uncomplicated firewall...
         Mounting Debug File System...
         Starting Nameserver information manager...
[[0;32m  OK  [0m] Created slice system-postgresql.slice.
         Starting Create list of required st... nodes for the current kernel...
         Starting Set the console keyboard layout...
[[0;32m  OK  [0m] Created slice User and Session Slice.
[[0;32m  OK  [0m] Reached target Slices.
[[0;32m  OK  [0m] Listening on Journal Audit Socket.
[[0;32m  OK  [0m] Listening on udev Control Socket.
[[0;32m  OK  [0m] Listening on Syslog Socket.
[[0;32m  OK  [0m] Listening on LVM2 metadata daemon socket.
         Mounting Huge Pages File System...
[[0;32m  OK  [0m] Listening on Device-mapper event daemon FIFOs.
         Starting Monitoring of LVM2 mirrors... dmeventd or progress polling...
[[0;32m  OK  [0m] Listening on Journal Socket (/dev/log).
         Starting Journal Service...
[[0;32m  OK  [0m] Created slice system-serial\x2dgetty.slice.
         Startin[   15.550640] Loading iSCSI transport class v2.0-870.
g Load Kernel Mo[   15.622855] iscsi: registered transport (tcp)
dules...
[   15.701272] iscsi: registered transport (iser)
[[0;32m  OK  [0m] Reached target User and Group Name Lookups.
[[0;32m  OK  [0m] Started Forward Password Requests to Wall Directory Watch.
[[0;32m  OK  [0m] Mounted Huge Pages File System.
[[0;32m  OK  [0m] Mounted POSIX Message Queue File System.
[[0;32m  OK  [0m] Mounted Debug File System.
[[0;32m  OK  [0m] Started Journal Service.
[[0;32m  OK  [0m] Started Remount Root and Kernel File Systems.
[[0;32m  OK  [0m] Started Uncomplicated firewall.
[[0;32m  OK  [0m] Started Create list of required sta...ce nodes for the current kernel.
[[0;32m  OK  [0m] Started Load Kernel Modules.
[[0;32m  OK  [0m] Started Nameserver information manager.
[[0;32m  OK  [0m] Started LVM2 metadata daemon.
         Mounting FUSE Control File System...
         Mounting Configuration File System...
         Starting Apply Kernel Variables...
         Starting Create Static Device Nodes in /dev...
         Activating swap /swapfile...
         Starting udev Coldplug all Devices...
         Starting Initial cloud-init job (pre-networking)...
         Starting Load/Save Random Seed...
         Starting Flush Journal to Persistent Storage...
[[0;32m  OK  [0m] Mounted Configuration File System.
[[0;32m  OK  [0m] Mounted FUSE Control File System.
[[0;32m  OK  [0m] Activated swap /swapfile.
[[0;32m  OK  [0m] Started Monitoring of LVM2 mirrors,...ng dmeventd or progress polling.
[[0;32m  OK  [0m] Started Apply Kernel Variables.
[[0;32m  OK  [0m] Started Create Static Device Nodes in /dev.
[[0;32m  OK  [0m] Started Load/Save Random Seed.
         Starting udev Kernel Device Manager...
[[0;32m  OK  [0m] Reached target Swap.
[[0;32m  OK  [0m] Started Flush Journal to Persistent Storage.
[[0;32m  OK  [0m] Started udev Coldplug all Devices.
[[0;32m  OK  [0m] Started udev Kernel Device Manager.
[[0;32m  OK  [0m] Found device /dev/ttyS0.
[[0;32m  OK  [0m] Found device 82540EM Gigabit Ethern...r (PRO/1000 MT Desktop Adapter).
[[0;32m  OK  [0m] Listening on Load/Save RF Kill Switch Status /dev/rfkill Watch.
[[0;32m  OK  [0m] Started Set the console keyboard layout.
[[0;32m  OK  [0m] Reached target Local File Systems (Pre).
[[0;32m  OK  [0m] Reached target Local File Systems.
[   13.491370] cloud-init[477]: Cloud-init v. 0.7.9 running 'init-local' at Wed, 19 Apr 2017 10:24:38 +0000. Up 13.26 seconds.
         Starting AppArmor initialization...
         Starting ebtables ruleset management...
         Starting Set console font and keymap...
         Starting Tell Plymouth To Write Out Runtime Data...
         Starting Create Volatile Files and Directories...
[[0;32m  OK  [0m] Started Dispatch Password Requests to Console Directory Watch.
[[0;32m  OK  [0m] Started Set console font and keymap.
[[0;32m  OK  [0m] Started Tell Plymouth To Write Out Runtime Data.
[[0;32m  OK  [0m] Started Create Volatile Files and Directories.
[[0;32m  OK  [0m] Started Initial cloud-init job (pre-networking).
         Starting Update UTMP about System Boot/Shutdown...
[[0;32m  OK  [0m] Reached target System Time Synchronized.
[[0;32m  OK  [0m] Started ebtables ruleset management.
[[0;32m  OK  [0m] Started AppArmor initialization.
[[0;32m  OK  [0m] Reached target Network (Pre).
         Starting Raise network interfaces...
[[0;32m  OK  [0m] Started ifup for enp0s3.
[[0;32m  OK  [0m] Started Update UTMP about System Boot/Shutdown.
[[0;32m  OK  [0m] Started Raise network interfaces.
         Starting Initial cloud-init job (metadata service crawler)...
[[0;32m  OK  [0m] Reached target Network.
[   17.037808] cloud-init[1115]: Cloud-init v. 0.7.9 running 'init' at Wed, 19 Apr 2017 10:24:41 +0000. Up 16.74 seconds.
[   17.052481] cloud-init[1115]: ci-info: +++++++++++++++++++++++++++++Net device info++++++++++++++++++++++++++++++
[   17.072660] cloud-init[1115]: ci-info: +---------+------+-----------+---------------+-------+-------------------+
[   17.080859] cloud-init[1115]: ci-info: |  Device |  Up  |  Address  |      Mask     | Scope |     Hw-Address    |
[[0;32m  OK  [0m] Started Initial cloud-init job (metadata service crawler).
[[0;32m  OK  [0m] Reached target System Initialization.
         Starting Socket activation for snappy daemon.
[[0;32m  OK  [0m] Listening on UUID daemon activation socket.
[   17.106001] cloud-init[1115]: ci-info: +---------+------+-----------+---------------+-------+-------------------+
[   17.126608] [[0;32m  OK  [0m] Started Daily Cleanup of Temporary Directories.
cloud-init[1115]: ci-info: | enp0s3: | True | 10.0.2.15 | 255.255.255.0 |   .   | 02:b3:e4:7a:61:25 |
[   17.130576] [[0;32m  OK  [0m] Started Daily apt activities.
[[0;32m  OK  [0m] Listening on ACPID Listen Socket.
cloud-init[1115]: ci-info: | enp0s3: | True |     .     |       .       |   d   | 02:b3:e4:7a:61:25 |
[   17.145919]          Starting LXD - unix socket.
[[0;32m  OK  [0m] Started Timer to automatically refresh installed snaps.
[[0;32m  OK  [0m] Reached target Timers.
cloud-init[1115]: ci-info: |   lo:   | True | 127.0.0.1 |   255.0.0.0   |   .   |         .         |
[   17.159392] [[0;32m  OK  [0m] Started ACPI Events Check.
[[0;32m  OK  [0m] Reached target Paths.
cloud-init[1115]: ci-info: |   lo:   | True |     .     |       .       |   d   |         .         |
[   17.168874] [cloud-init[0;32m  OK  [0m[1115]: ] ci-info: +---------+------+-----------+---------------+-------+-------------------+Listening on D-Bus System Message Bus Socket.

[   17.176582] [cloud-init[0;32m  OK  [0m[1115]: ] ci-info: +++++++++++++++++++++++++++Route IPv4 info++++++++++++++++++++++++++++Reached target Network is Online.

[   17.177101] cloud-init[1115]: ci-info: +-------+-------------+----------+---------------+-----------+-------+
         Starting iSCSI initiator daemon (iscsid)...
[[0;32m  OK  [0m] Reached target Cloud-config availability.
[[0;32m  OK  [0m] Listening on Socket activation for snappy daemon.
[   17.232261] cloud-init[1115]: ci-info: | Route | Destination | Gateway  |    Genmask    | Interface | Flags |
[   17.308610] cloud-init[1115]: ci-info: +-------+-------------+----------+---------------+-----------+-------+
[   17.330239] cloud-init[1115]: ci-info: |   0   |   0.0.0.0   | 10.0.2.2 |    0.0.0.0    |   enp0s3  |   UG  |
[[0;32m  OK  [0m] Listening on LXD - unix socket.
[   17.344398] cloud-init[1115]: ci-info: |   1   |   10.0.2.0  | 0.0.0.0  | 255.255.255.0 |   enp0s3  |   U   |
[   17.359644] cloud-init[1115]: ci-info: +-------+-------------+----------+---------------+-----------+-------+
[[0;32m  OK  [0m] Reached target Sockets.
[[0;32m  OK  [0m] Reached target Basic System.
         Starting LXD - container startup/shutdown...
         Starting Accounts Service...
[[0;32m  OK  [0m] Started FUSE filesystem for LXC.
         Starting Login Service...
         Starting RabbitMQ Messaging Server...
         Starting System Logging Service...
         Starting vboxadd.service...
[[0;32m  OK  [0m] Started Regular background program processing daemon.
[[0;32m  OK  [0m] Started Deferred execution scheduler.
[[0;32m  OK  [0m] Started D-Bus System Message Bus.
         Starting Network Name Resolution...
         Starting MySQL Community Server...
         Starting Advanced key-value store...
         Starting PostgreSQL Cluster 9.5-main...
[[0;32m  OK  [0m] Started memcached daemon.
         Starting OpenBSD Secure Shell server...
         Starting LSB: Record successful boot for GRUB...
         Starting Apply the settings specified in cloud-config...
[[0;32m  OK  [0m] Started ACPI event daemon.
[[0;32m  OK  [0m] Started Snappy daemon.
         Starting Auto import assertions from block devices...
         Starting vboxadd-x11.service...
[[0;32m  OK  [0m] Started System Logging Service.
[[0;32m  OK  [0m] Started OpenBSD Secure Shell server.
[[0;32m  OK  [0m] Started iSCSI initiator daemon (iscsid).
[[0;32m  OK  [0m] Started Login Service.
         Starting Authenticate and Authorize Users to Run Privileged Tasks...
         Starting Login to default iSCSI targets...
[[0;32m  OK  [0m] Started LSB: Record successful boot for GRUB.
[[0;32m  OK  [0m] Started Authenticate and Authorize Users to Run Privileged Tasks.
[[0;32m  OK  [0m] Started Auto import assertions from block devices.
[[0;32m  OK  [0m] Started Accounts Service.
[[0;32m  OK  [0m] Started Network Name Resolution.
[[0;32m  OK  [0m] Started Login to default iSCSI targets.
[[0;32m  OK  [0m] Reached target Remote File Systems (Pre).
[[0;32m  OK  [0m] Reached target Remote File Systems.
         Starting Permit User Sessions...
         Starting LSB: daemon to balance interrupts for SMP systems...
         Starting LSB: automatic crash report generation...
         Starting LSB: Start/stop sysstat's sadc...
[[0;32m  OK  [0m] Started Permit User Sessions.
         Starting Terminate Plymouth Boot Screen...
         Starting Hold until boot process finishes up...
[[0;32m  OK  [0m] Started Hold until boot process finishes up.
[[0;32m  OK  [0m] Started LXD - container startup/shutdown.
[[0;32m  OK  [0m] Started Terminate Plymouth Boot Screen.
[[0;32m  OK  [0m] Started Advanced key-value store.
[[0;32m  OK  [0m] Started vboxadd-x11.service.
[[0;32m  OK  [0m] Started Serial Getty on ttyS0.
         Starting Set console scheme...
[[0;32m  OK  [0m] Started LSB: daemon to balance interrupts for SMP systems.
[[0;32m  OK  [0m] Started LSB: Start/stop sysstat's sadc.
[[0;32m  OK  [0m] Started vboxadd.service.
[[0;32m  OK  [0m] Started Set console scheme.
[[0;32m  OK  [0m] Created slice system-getty.slice.
[[0;32m  OK  [0m] Started Getty on tty1.
[[0;32m  OK  [0m] Reached target Login Prompts.
         Starting vboxadd-service.service...
[[0;32m  OK  [0m] Started LSB: automatic crash report generation.
[[0;32m  OK  [0m] Started vboxadd-service.service.
[   19.055124] cloud-init[1450]: Cloud-init v. 0.7.9 running 'modules:config' at Wed, 19 Apr 2017 10:24:44 +0000. Up 18.89 seconds.
[[0;32m  OK  [0m] Started Apply the settings specified in cloud-config.
[[0;32m  OK  [0m] Started MySQL Community Server.
[[0;32m  OK  [0m] Started PostgreSQL Cluster 9.5-main.
         Starting PostgreSQL RDBMS...
[[0;32m  OK  [0m] Started RabbitMQ Messaging Server.
[[0;32m  OK  [0m] Started PostgreSQL RDBMS.
[[0;32m  OK  [0m] Reached target Multi-User System.
[[0;32m  OK  [0m] Reached target Graphical Interface.
         Starting Execute cloud user/final scripts...
         Starting Update UTMP about System Runlevel Changes...
[[0;32m  OK  [0m] Started Update UTMP about System Runlevel Changes.
[   21.072039] cloud-init[1902]: Cloud-init v. 0.7.9 running 'modules:final' at Wed, 19 Apr 2017 10:24:46 +0000. Up 20.97 seconds.
[   21.077768] cloud-init[1902]: Cloud-init v. 0.7.9 finished at Wed, 19 Apr 2017 10:24:46 +0000. Datasource DataSourceNoCloud [seed=/dev/sdb][dsmode=net].  Up 21.06 seconds
[[0;32m  OK  [0m] Started Execute cloud user/final scripts.
[[0;32m  OK  [0m] Reached target Cloud-init target.

Ubuntu 16.10 rails-dev-box ttyS0

rails-dev-box login: 